=== make stop-running ===
=== make bundle ===
npm run build

> omnilauncher@2.0.0 build
> tsc && vite build

[36mvite v8.0.14 [32mbuilding client environment for production...[36m[39m
[2K
transforming...鉁?27 modules transformed.
rendering chunks...
computing gzip size...
dist/index.html                   1.04 kB 鈹?gzip:  0.52 kB
dist/assets/index-DoVlQlEg.css   10.89 kB 鈹?gzip:  2.95 kB
dist/assets/index-BcbcrELG.js   181.15 kB 鈹?gzip: 56.55 kB

[32m鉁?built in 405ms[39m
npx tauri build
        Info Looking up installed tauri packages to check mismatched versions...
     Running beforeBuildCommand `npm run build`
> omnilauncher@2.0.0 build
> tsc && vite build

[36mvite v8.0.14 [32mbuilding client environment for production...[36m[39m
[2K
transforming...鉁?27 modules transformed.
rendering chunks...
computing gzip size...
dist/index.html                   1.04 kB 鈹?gzip:  0.52 kB
dist/assets/index-DoVlQlEg.css   10.89 kB 鈹?gzip:  2.95 kB
dist/assets/index-BcbcrELG.js   181.15 kB 鈹?gzip: 56.55 kB

[32m鉁?built in 475ms[39m
   Compiling omnilauncher v2.0.0 (C:\Users\jzhu\repos\OmniLauncher\src-tauri)
make: *** [bundle] 错误 -1
=== npx tauri build -vv ===
       Debug [tauri_cli::helpers::app_paths] Found Tauri project inside C:\Users\jzhu\repos\OmniLauncher\src-tauri on early lookup
        Info [tauri_cli::build] Looking up installed tauri packages to check mismatched versions...
     Running [tauri_cli::helpers] beforeBuildCommand `npm run build`
       Trace [os_info::imp] windows::current_platform is called
       Trace [os_info::imp] Returning Info { os_type: Windows, version: Semantic(10, 0, 26200), edition: Some("Windows 11 Enterprise"), codename: None, bitness: X64, architecture: Some("x86_64") }
       Debug [tauri_cli::helpers] Setting environment for hook {"TAURI_ENV_ARCH": "x86_64", "TAURI_ENV_TARGET_TRIPLE": "x86_64-pc-windows-msvc", "TAURI_ENV_PLATFORM_VERSION": "10.0.26200", "TAURI_ENV_FAMILY": "windows", "TAURI_ENV_PLATFORM": "windows"}
     Running [tauri_cli] Command `cmd /S /C npm run build`

> omnilauncher@2.0.0 build
> tsc && vite build

[36mvite v8.0.14 [32mbuilding client environment for production...[36m[39m
[2K
transforming...鉁?27 modules transformed.
rendering chunks...
computing gzip size...
dist/index.html                   1.04 kB 鈹?gzip:  0.52 kB
dist/assets/index-DoVlQlEg.css   10.89 kB 鈹?gzip:  2.95 kB
dist/assets/index-BcbcrELG.js   181.15 kB 鈹?gzip: 56.55 kB

[32m鉁?built in 1.16s[39m
     Running [tauri_cli] Command `cargo build --bins --features tauri/custom-protocol --release`
   Compiling omnilauncher v2.0.0 (C:\Users\jzhu\repos\OmniLauncher\src-tauri)
failed to build app: failed to build app
       Error [tauri_cli_node] failed to build app: failed to build app
